// Jest Snapshot v1, https://goo.gl/fbAQLP

exports[`Test Measure App Component Expect to render App component 1`] = `[Function]`;
